// Jest Snapshot v1, https://goo.gl/fbAQLP

exports[`testing CardList by using snapshot 1`] = `
<DocumentFragment>
  <div
    class="bg-light-green dib br3 pa3 ma2 grow bw2 shadow-5"
  >
    <img
      alt="robot"
      src="https://robohash.org/1?200*200"
    />
    <div>
      <h2>
        Leanne Graham
      </h2>
      <p>
        incere@april.biz
      </p>
    </div>
  </div>
  <div
    class="bg-light-green dib br3 pa3 ma2 grow bw2 shadow-5"
  >
    <img
      alt="robot"
      src="https://robohash.org/2?200*200"
    />
    <div>
      <h2>
        Ervin Howell
      </h2>
      <p>
        Shanna@melissa.tv
      </p>
    </div>
  </div>
</DocumentFragment>
`;
