// Jest Snapshot v1, https://goo.gl/fbAQLP

exports[`testing CardList by using snapshot 1`] = `
<DocumentFragment>
  <div
    class="bg-light-green dib br3 pa3 ma2 grow bw2 shadow-5"
    data-testid="card"
  >
    <img
      alt="robot"
      src="https://robohash.org/1?200*200"
    />
    <div>
      <h2>
        Robot One
      </h2>
      <p>
        one@robots.com
      </p>
    </div>
  </div>
  <div
    class="bg-light-green dib br3 pa3 ma2 grow bw2 shadow-5"
    data-testid="card"
  >
    <img
      alt="robot"
      src="https://robohash.org/2?200*200"
    />
    <div>
      <h2>
        Robot Two
      </h2>
      <p>
        two@robots.com
      </p>
    </div>
  </div>
  <div
    class="bg-light-green dib br3 pa3 ma2 grow bw2 shadow-5"
    data-testid="card"
  >
    <img
      alt="robot"
      src="https://robohash.org/3?200*200"
    />
    <div>
      <h2>
        Robot Three
      </h2>
      <p>
        three@robots.com
      </p>
    </div>
  </div>
</DocumentFragment>
`;
